--- Process 7148 created
--- Process 7148 loaded C:\Windows\System32\ntdll.dll at 00007ffae41b0000
--- Process 7148 loaded C:\Windows\System32\kernel32.dll at 00007ffae3060000
--- Process 7148 loaded C:\Windows\System32\KernelBase.dll at 00007ffae13e0000
--- Process 7148 loaded C:\Windows\System32\apphelp.dll at 00007ffad8550000
--- Process 7148 loaded C:\Windows\System32\msvcrt.dll at 00007ffae2640000
--- Process 7148 thread 13336 created
--- Process 7148 thread 9804 created
--- Process 7148 thread 21032 created
--- Process 7148 loaded C:\msys64\mingw64\bin\libwinpthread-1.dll at 00007ffad9ec0000
--- Process 7148 loaded C:\msys64\mingw64\bin\libgcc_s_seh-1.dll at 00007ffad06a0000
--- Process 7148 loaded C:\Windows\System32\cryptbase.dll at 00007ffae0a50000
--- Process 7148 loaded C:\Windows\System32\bcryptprimitives.dll at 00007ffae1dd0000
--- Process 7148 loaded C:\Windows\System32\sechost.dll at 00007ffae27e0000
--- Process 7148 loaded C:\Windows\System32\bcrypt.dll at 00007ffae1da0000
--- Process 18580 created
--- Process 18580 loaded C:\Windows\System32\ntdll.dll at 00007ffae41b0000
--- Process 18580 loaded C:\Windows\System32\kernel32.dll at 00007ffae3060000
--- Process 18580 loaded C:\Windows\System32\KernelBase.dll at 00007ffae13e0000
--- Process 18580 loaded C:\Windows\System32\apphelp.dll at 00007ffad8550000
--- Process 18580 thread 7708 created
--- Process 18580 thread 372 created
--- Process 18580 loaded C:\Windows\System32\msvcrt.dll at 00007ffae2640000
--- Process 18580 thread 7992 created
--- Process 18580 loaded C:\msys64\mingw64\bin\libisl-23.dll at 00007ffaaa150000
--- Process 18580 loaded C:\msys64\mingw64\bin\libgcc_s_seh-1.dll at 00007ffad06a0000
--- Process 18580 loaded C:\msys64\mingw64\bin\libgmp-10.dll at 00007ffad04b0000
--- Process 18580 loaded C:\msys64\mingw64\bin\libmpc-3.dll at 00007ffad0480000
--- Process 18580 loaded C:\msys64\mingw64\bin\libmpfr-6.dll at 00007ffad03c0000
--- Process 18580 loaded C:\msys64\mingw64\bin\libwinpthread-1.dll at 00007ffad9ec0000
--- Process 18580 loaded C:\msys64\mingw64\bin\zlib1.dll at 00007ffad0390000
--- Process 18580 loaded C:\msys64\mingw64\bin\libzstd.dll at 00007ffab7030000
--- Process 18580, exception c0000139 at 00007ffae42bfbcd
--- Process 18580 thread 3588 exited with status 0xc0000139
--- Process 18580 thread 7992 exited with status 0xc0000139
--- Process 18580 thread 372 exited with status 0xc0000139
--- Process 18580 exited with status 0xc0000139
--- Process 7148 thread 13336 exited with status 0x1
--- Process 7148 thread 21032 exited with status 0x1
--- Process 7148 thread 9804 exited with status 0x1
--- Process 7148 exited with status 0x1
